// Jest Snapshot v1, https://goo.gl/fbAQLP

exports[`setupHeader clicking the navigation label, triggers a click on the navigation button element 1`] = `
"<html class=\\"is-navInView\\"><head></head><body>
            <button data-nav-button=\\"\\"></button>
            <label data-nav-toggle=\\"\\" class=\\"is-open\\"></label>
        </body></html>"
`;

exports[`setupHeader does nothing if nav input does not exist 1`] = `
"
            <button></button>
            <div data-nav-container=\\"\\"></div>
            <label data-nav-toggle=\\"\\">Menu</label>
        "
`;
